============================= test session starts =============================
platform win32 -- Python 3.14.3, pytest-9.0.2, pluggy-1.6.0 -- C:\Python314\python.exe
cachedir: .pytest_cache
rootdir: D:\axiomcode
configfile: pyproject.toml
plugins: anyio-4.13.0, cov-7.1.0
collecting ... collected 121 items

tests/test_core.py::TestSpecGenerator::test_lean_spec_to_lean PASSED     [  0%]
tests/test_core.py::TestSpecGenerator::test_lean_spec_defaults PASSED    [  1%]
tests/test_core.py::TestSpecGenerator::test_parse_code_block PASSED      [  2%]
tests/test_core.py::TestSpecGenerator::test_backends_registered PASSED   [  3%]
tests/test_core.py::TestSecurity::test_keypair_generation PASSED         [  4%]
tests/test_core.py::TestSecurity::test_keystore_roundtrip PASSED         [  4%]
tests/test_core.py::TestSecurity::test_proof_certificate PASSED          [  5%]
tests/test_core.py::TestSecurity::test_proof_certificate_tamper PASSED   [  6%]
tests/test_core.py::TestSecurity::test_hmac PASSED                       [  7%]
tests/test_core.py::TestSecurity::test_hash_data PASSED                  [  8%]
tests/test_core.py::TestSecurity::test_audit_log_integrity PASSED        [  9%]
tests/test_core.py::TestSecurity::test_secure_sandbox PASSED             [  9%]
tests/test_core.py::TestSecurity::test_rate_limiter PASSED               [ 10%]
tests/test_core.py::TestVisualization::test_build_graph_data PASSED      [ 11%]
tests/test_core.py::TestVisualization::test_build_proof_html PASSED      [ 12%]
tests/test_core.py::TestCLI::test_main_exists PASSED                     [ 13%]
tests/test_core.py::TestVersioning::test_version_manager_init PASSED     [ 14%]
tests/test_core.py::TestVersioning::test_version_set_and_get PASSED      [ 14%]
tests/test_core.py::TestVersioning::test_version_registry PASSED         [ 15%]
tests/test_core.py::TestVersioning::test_migration_noop PASSED           [ 16%]
tests/test_core.py::TestVersioning::test_list_versions PASSED            [ 17%]
tests/test_core.py::TestVersioning::test_validate_data_integrity PASSED  [ 18%]
tests/test_core.py::TestVersioning::test_list_backups_empty PASSED       [ 19%]
tests/test_core.py::TestVersioning::test_migration_history_empty PASSED  [ 19%]
tests/test_core.py::TestVersioning::test_version_info PASSED             [ 20%]
tests/test_core.py::TestLicensing::test_keypair_generation PASSED        [ 21%]
tests/test_core.py::TestLicensing::test_keypair_save_load PASSED         [ 22%]
tests/test_core.py::TestLicensing::test_license_issue_and_verify PASSED  [ 23%]
tests/test_core.py::TestLicensing::test_license_tamper_detection PASSED  [ 23%]
tests/test_core.py::TestLicensing::test_license_expiration PASSED        [ 24%]
tests/test_core.py::TestLicensing::test_license_revocation PASSED        [ 25%]
tests/test_core.py::TestLicensing::test_license_save_load PASSED         [ 26%]
tests/test_core.py::TestLicensing::test_portable_license PASSED          [ 27%]
tests/test_core.py::TestLicensing::test_license_features PASSED          [ 28%]
tests/test_core.py::TestLicensing::test_hardware_fingerprint PASSED      [ 28%]
tests/test_core.py::TestLicensing::test_license_manager_list_empty PASSED [ 29%]
tests/test_core.py::TestLicensing::test_tiers_defined PASSED             [ 30%]
tests/test_core.py::TestPersistence::test_datastore_create_get PASSED    [ 31%]
tests/test_core.py::TestPersistence::test_datastore_update PASSED        [ 32%]
tests/test_core.py::TestPersistence::test_datastore_history PASSED       [ 33%]
tests/test_core.py::TestPersistence::test_datastore_delete PASSED        [ 33%]
tests/test_core.py::TestPersistence::test_datastore_list PASSED          [ 34%]
tests/test_core.py::TestPersistence::test_datastore_stats PASSED         [ 35%]
tests/test_core.py::TestPersistence::test_algorithm_registry PASSED      [ 36%]
tests/test_core.py::TestPersistence::test_algorithm_search PASSED        [ 37%]
tests/test_core.py::TestPersistence::test_session_manager PASSED         [ 38%]
tests/test_core.py::TestPersistence::test_schema_migration PASSED        [ 38%]
tests/test_core.py::TestEncryptionRoundtrip::test_secure_channel_encrypt_decrypt PASSED [ 39%]
tests/test_core.py::TestEncryptionRoundtrip::test_secure_channel_tampering_detection PASSED [ 40%]
tests/test_core.py::TestEncryptionRoundtrip::test_secure_channel_tampering_nonce PASSED [ 41%]
tests/test_core.py::TestEncryptionRoundtrip::test_secure_channel_large_data PASSED [ 42%]
tests/test_core.py::TestEncryptionRoundtrip::test_audit_log_chain_integrity PASSED [ 42%]
tests/test_core.py::TestEncryptionRoundtrip::test_audit_log_tampering_detection PASSED [ 43%]
tests/test_core.py::TestInputValidation::test_record_id_validation_valid PASSED [ 44%]
tests/test_core.py::TestInputValidation::test_record_id_validation_empty PASSED [ 45%]
tests/test_core.py::TestInputValidation::test_record_id_validation_too_long PASSED [ 46%]
tests/test_core.py::TestInputValidation::test_record_id_validation_path_traversal PASSED [ 47%]
tests/test_core.py::TestInputValidation::test_record_id_validation_null_byte PASSED [ 47%]
tests/test_core.py::TestInputValidation::test_json_data_validation_valid PASSED [ 48%]
tests/test_core.py::TestInputValidation::test_json_data_validation_not_dict PASSED [ 49%]
tests/test_core.py::TestInputValidation::test_json_data_validation_not_serializable PASSED [ 50%]
tests/test_core.py::TestInputValidation::test_safe_read_json_valid PASSED [ 51%]
tests/test_core.py::TestInputValidation::test_safe_read_json_invalid_json PASSED [ 52%]
tests/test_core.py::TestInputValidation::test_safe_read_json_not_object PASSED [ 52%]
tests/test_core.py::TestInputValidation::test_safe_read_json_file_too_large PASSED [ 53%]
tests/test_core.py::TestInputValidation::test_safe_read_json_invalid_encoding PASSED [ 54%]
tests/test_core.py::TestInputValidation::test_license_file_validation PASSED [ 55%]
tests/test_core.py::TestInputValidation::test_license_file_not_object PASSED [ 56%]
tests/test_core.py::TestCorruptedFileRecovery::test_datastore_corrupted_json PASSED [ 57%]
tests/test_core.py::TestCorruptedFileRecovery::test_datastore_list_skips_corrupted PASSED [ 57%]
tests/test_core.py::TestCorruptedFileRecovery::test_datastore_history_skips_corrupted PASSED [ 58%]
tests/test_core.py::TestLicenseExpirRevoke::test_license_not_expired PASSED [ 59%]
tests/test_core.py::TestLicenseExpirRevoke::test_license_expired_yesterday PASSED [ 60%]
tests/test_core.py::TestLicenseExpirRevoke::test_license_never_expires PASSED [ 61%]
tests/test_core.py::TestLicenseExpirRevoke::test_license_revoked_multiple PASSED [ 61%]
tests/test_core.py::TestLicenseExpirRevoke::test_license_features_by_tier PASSED [ 62%]
tests/test_core.py::TestBinarySignature::test_binary_signature_create_verify PASSED [ 63%]
tests/test_core.py::TestBinarySignature::test_binary_signature_tampering PASSED [ 64%]
tests/test_core.py::TestBinarySignature::test_binary_signature_wrong_key PASSED [ 65%]
tests/test_core.py::TestEdgeCases::test_datastore_record_id_special_chars PASSED [ 66%]
tests/test_core.py::TestEdgeCases::test_datastore_large_data PASSED      [ 66%]
tests/test_core.py::TestEdgeCases::test_keystore_multiple_keys PASSED    [ 67%]
tests/test_core.py::TestEdgeCases::test_license_maximum_seats PASSED     [ 68%]
tests/test_core.py::TestEdgeCases::test_audit_log_empty PASSED           [ 69%]
tests/test_core_comprehensive.py::TestKeyPairAndKeyStore::test_keypair_generation PASSED [ 70%]
tests/test_core_comprehensive.py::TestKeyPairAndKeyStore::test_keypair_serialization PASSED [ 71%]
tests/test_core_comprehensive.py::TestKeyPairAndKeyStore::test_keystore_create_and_load PASSED [ 71%]
tests/test_core_comprehensive.py::TestKeyPairAndKeyStore::test_keystore_wrong_passphrase PASSED [ 72%]
tests/test_core_comprehensive.py::TestKeyPairAndKeyStore::test_keystore_nonexistent_key PASSED [ 73%]
tests/test_core_comprehensive.py::TestKeyPairAndKeyStore::test_keystore_delete_key PASSED [ 74%]
tests/test_core_comprehensive.py::TestProofCertificates::test_proof_cert_sign_verify PASSED [ 75%]
tests/test_core_comprehensive.py::TestProofCertificates::test_proof_cert_tamper_detection PASSED [ 76%]
tests/test_core_comprehensive.py::TestProofCertificates::test_proof_cert_json_roundtrip PASSED [ 76%]
tests/test_core_comprehensive.py::TestProofCertificates::test_proof_cert_file_persistence PASSED [ 77%]
tests/test_core_comprehensive.py::TestBinarySignatures::test_sign_and_verify_binary PASSED [ 78%]
tests/test_core_comprehensive.py::TestBinarySignatures::test_binary_tamper_detection PASSED [ 79%]
tests/test_core_comprehensive.py::TestBinarySignatures::test_binary_wrong_key PASSED [ 80%]
tests/test_core_comprehensive.py::TestSecureChannel::test_secure_channel_encryption PASSED [ 80%]
tests/test_core_comprehensive.py::TestSecureChannel::test_secure_channel_tamper_detection PASSED [ 81%]
tests/test_core_comprehensive.py::TestAuditLog::test_audit_log_create_and_read PASSED [ 82%]
tests/test_core_comprehensive.py::TestAuditLog::test_audit_log_chain_integrity PASSED [ 83%]
tests/test_core_comprehensive.py::TestAuditLog::test_audit_log_tamper_detection PASSED [ 84%]
tests/test_core_comprehensive.py::TestSecureSandbox::test_sandbox_simple_command PASSED [ 85%]
tests/test_core_comprehensive.py::TestSecureSandbox::test_sandbox_timeout PASSED [ 85%]
tests/test_core_comprehensive.py::TestSecureSandbox::test_sandbox_cleanup PASSED [ 86%]
tests/test_core_comprehensive.py::TestRateLimiter::test_rate_limiter_acquire PASSED [ 87%]
tests/test_core_comprehensive.py::TestRateLimiter::test_rate_limiter_refill PASSED [ 88%]
tests/test_core_comprehensive.py::TestLicensing::test_hardware_fingerprint PASSED [ 89%]
tests/test_core_comprehensive.py::TestLicensing::test_license_key_pair_generation PASSED [ 90%]
tests/test_core_comprehensive.py::TestLicensing::test_license_key_pair_persistence PASSED [ 90%]
tests/test_core_comprehensive.py::TestLicensing::test_license_certificate_sign_verify PASSED [ 91%]
tests/test_core_comprehensive.py::TestLicensing::test_license_certificate_expiration PASSED [ 92%]
tests/test_core_comprehensive.py::TestLicensing::test_license_certificate_revocation PASSED [ 93%]
tests/test_core_comprehensive.py::TestLicensing::test_license_manager PASSED [ 94%]
tests/test_core_comprehensive.py::TestDataStore::test_data_store_create_read PASSED [ 95%]
tests/test_core_comprehensive.py::TestDataStore::test_data_store_update PASSED [ 95%]
tests/test_core_comprehensive.py::TestDataStore::test_data_store_delete_preserves_history PASSED [ 96%]
tests/test_core_comprehensive.py::TestDataStore::test_data_store_list PASSED [ 97%]
tests/test_core_comprehensive.py::TestVersioning::test_version_manager_get_current PASSED [ 98%]
tests/test_core_comprehensive.py::TestVersioning::test_version_manager_backup_and_rollback PASSED [ 99%]
tests/test_core_comprehensive.py::TestIntegration::test_full_algorithm_verification_flow PASSED [100%]

============================ 121 passed in 22.40s =============================
